// Vitest Snapshot v1

exports[`Testing <App/> > it should show correctly <App/> component 1`] = `
<div>
  <h1>
    Hola mundo
  </h1>
</div>
`;
